C:\Users\SUSHANT\Desktop\TRADING_BOT\.venv\Lib\site-packages\stable_baselines3\common\vec_env\base_vec_env.py:78: UserWarning: The `render_mode` attribute is not defined in your environment. It will be set to None.
  warnings.warn("The `render_mode` attribute is not defined in your environment. It will be set to None.")
C:\Users\SUSHANT\Desktop\TRADING_BOT\.venv\Lib\site-packages\stable_baselines3\common\on_policy_algorithm.py:150: UserWarning: You are trying to run PPO on the GPU, but it is primarily intended to run on the CPU when not using a CNN policy (you are using ActorCriticPolicy which should be a MlpPolicy). See https://github.com/DLR-RM/stable-baselines3/issues/1245 for more info. You can pass `device='cpu'` or `export CUDA_VISIBLE_DEVICES=` to force using the CPU.Note: The model will train, but the GPU utilization will be poor and the training might take longer than on CPU.
  warnings.warn(
C:\Users\SUSHANT\Desktop\TRADING_BOT\.venv\Lib\site-packages\stable_baselines3\common\callbacks.py:419: UserWarning: Training and eval env are not of the same type<bot.ai.env_batched.BatchedForexVecEnv object at 0x00000112BC64A3C0> != <stable_baselines3.common.vec_env.dummy_vec_env.DummyVecEnv object at 0x0000011616C01810>
  warnings.warn("Training and eval env are not of the same type" f"{self.training_env} != {self.eval_env}")
C:\Users\SUSHANT\Desktop\TRADING_BOT\.venv\Lib\site-packages\stable_baselines3\common\evaluation.py:71: UserWarning: Evaluation environment is not wrapped with a ``Monitor`` wrapper. This may result in reporting modified episode lengths and rewards, if other wrappers happen to modify these. Consider wrapping environment first with ``Monitor`` wrapper.
  warnings.warn(
C:\Users\SUSHANT\Desktop\TRADING_BOT\.venv\Lib\site-packages\stable_baselines3\common\vec_env\base_vec_env.py:78: UserWarning: The `render_mode` attribute is not defined in your environment. It will be set to None.
  warnings.warn("The `render_mode` attribute is not defined in your environment. It will be set to None.")
C:\Users\SUSHANT\Desktop\TRADING_BOT\.venv\Lib\site-packages\stable_baselines3\common\on_policy_algorithm.py:150: UserWarning: You are trying to run PPO on the GPU, but it is primarily intended to run on the CPU when not using a CNN policy (you are using ActorCriticPolicy which should be a MlpPolicy). See https://github.com/DLR-RM/stable-baselines3/issues/1245 for more info. You can pass `device='cpu'` or `export CUDA_VISIBLE_DEVICES=` to force using the CPU.Note: The model will train, but the GPU utilization will be poor and the training might take longer than on CPU.
  warnings.warn(
C:\Users\SUSHANT\Desktop\TRADING_BOT\.venv\Lib\site-packages\stable_baselines3\common\callbacks.py:419: UserWarning: Training and eval env are not of the same type<bot.ai.env_batched.BatchedForexVecEnv object at 0x00000112BB4A3E00> != <stable_baselines3.common.vec_env.dummy_vec_env.DummyVecEnv object at 0x00000112BB626B10>
  warnings.warn("Training and eval env are not of the same type" f"{self.training_env} != {self.eval_env}")
C:\Users\SUSHANT\Desktop\TRADING_BOT\.venv\Lib\site-packages\stable_baselines3\common\evaluation.py:71: UserWarning: Evaluation environment is not wrapped with a ``Monitor`` wrapper. This may result in reporting modified episode lengths and rewards, if other wrappers happen to modify these. Consider wrapping environment first with ``Monitor`` wrapper.
  warnings.warn(
C:\Users\SUSHANT\Desktop\TRADING_BOT\.venv\Lib\site-packages\stable_baselines3\common\vec_env\base_vec_env.py:78: UserWarning: The `render_mode` attribute is not defined in your environment. It will be set to None.
  warnings.warn("The `render_mode` attribute is not defined in your environment. It will be set to None.")
C:\Users\SUSHANT\Desktop\TRADING_BOT\.venv\Lib\site-packages\stable_baselines3\common\on_policy_algorithm.py:150: UserWarning: You are trying to run PPO on the GPU, but it is primarily intended to run on the CPU when not using a CNN policy (you are using ActorCriticPolicy which should be a MlpPolicy). See https://github.com/DLR-RM/stable-baselines3/issues/1245 for more info. You can pass `device='cpu'` or `export CUDA_VISIBLE_DEVICES=` to force using the CPU.Note: The model will train, but the GPU utilization will be poor and the training might take longer than on CPU.
  warnings.warn(
C:\Users\SUSHANT\Desktop\TRADING_BOT\.venv\Lib\site-packages\stable_baselines3\common\callbacks.py:419: UserWarning: Training and eval env are not of the same type<bot.ai.env_batched.BatchedForexVecEnv object at 0x00000112BB4A3E00> != <stable_baselines3.common.vec_env.dummy_vec_env.DummyVecEnv object at 0x00000112BB61DFD0>
  warnings.warn("Training and eval env are not of the same type" f"{self.training_env} != {self.eval_env}")
C:\Users\SUSHANT\Desktop\TRADING_BOT\.venv\Lib\site-packages\stable_baselines3\common\evaluation.py:71: UserWarning: Evaluation environment is not wrapped with a ``Monitor`` wrapper. This may result in reporting modified episode lengths and rewards, if other wrappers happen to modify these. Consider wrapping environment first with ``Monitor`` wrapper.
  warnings.warn(
C:\Users\SUSHANT\Desktop\TRADING_BOT\.venv\Lib\site-packages\stable_baselines3\common\vec_env\base_vec_env.py:78: UserWarning: The `render_mode` attribute is not defined in your environment. It will be set to None.
  warnings.warn("The `render_mode` attribute is not defined in your environment. It will be set to None.")
C:\Users\SUSHANT\Desktop\TRADING_BOT\.venv\Lib\site-packages\stable_baselines3\common\on_policy_algorithm.py:150: UserWarning: You are trying to run PPO on the GPU, but it is primarily intended to run on the CPU when not using a CNN policy (you are using ActorCriticPolicy which should be a MlpPolicy). See https://github.com/DLR-RM/stable-baselines3/issues/1245 for more info. You can pass `device='cpu'` or `export CUDA_VISIBLE_DEVICES=` to force using the CPU.Note: The model will train, but the GPU utilization will be poor and the training might take longer than on CPU.
  warnings.warn(
C:\Users\SUSHANT\Desktop\TRADING_BOT\.venv\Lib\site-packages\stable_baselines3\common\callbacks.py:419: UserWarning: Training and eval env are not of the same type<bot.ai.env_batched.BatchedForexVecEnv object at 0x00000112BB4A3E00> != <stable_baselines3.common.vec_env.dummy_vec_env.DummyVecEnv object at 0x0000011615933570>
  warnings.warn("Training and eval env are not of the same type" f"{self.training_env} != {self.eval_env}")
C:\Users\SUSHANT\Desktop\TRADING_BOT\.venv\Lib\site-packages\stable_baselines3\common\evaluation.py:71: UserWarning: Evaluation environment is not wrapped with a ``Monitor`` wrapper. This may result in reporting modified episode lengths and rewards, if other wrappers happen to modify these. Consider wrapping environment first with ``Monitor`` wrapper.
  warnings.warn(
C:\Users\SUSHANT\Desktop\TRADING_BOT\.venv\Lib\site-packages\stable_baselines3\common\vec_env\base_vec_env.py:78: UserWarning: The `render_mode` attribute is not defined in your environment. It will be set to None.
  warnings.warn("The `render_mode` attribute is not defined in your environment. It will be set to None.")
C:\Users\SUSHANT\Desktop\TRADING_BOT\.venv\Lib\site-packages\stable_baselines3\common\on_policy_algorithm.py:150: UserWarning: You are trying to run PPO on the GPU, but it is primarily intended to run on the CPU when not using a CNN policy (you are using ActorCriticPolicy which should be a MlpPolicy). See https://github.com/DLR-RM/stable-baselines3/issues/1245 for more info. You can pass `device='cpu'` or `export CUDA_VISIBLE_DEVICES=` to force using the CPU.Note: The model will train, but the GPU utilization will be poor and the training might take longer than on CPU.
  warnings.warn(
C:\Users\SUSHANT\Desktop\TRADING_BOT\.venv\Lib\site-packages\stable_baselines3\common\callbacks.py:419: UserWarning: Training and eval env are not of the same type<bot.ai.env_batched.BatchedForexVecEnv object at 0x00000112BB4A3E00> != <stable_baselines3.common.vec_env.dummy_vec_env.DummyVecEnv object at 0x0000011616D2D250>
  warnings.warn("Training and eval env are not of the same type" f"{self.training_env} != {self.eval_env}")
C:\Users\SUSHANT\Desktop\TRADING_BOT\.venv\Lib\site-packages\stable_baselines3\common\evaluation.py:71: UserWarning: Evaluation environment is not wrapped with a ``Monitor`` wrapper. This may result in reporting modified episode lengths and rewards, if other wrappers happen to modify these. Consider wrapping environment first with ``Monitor`` wrapper.
  warnings.warn(
C:\Users\SUSHANT\Desktop\TRADING_BOT\.venv\Lib\site-packages\stable_baselines3\common\vec_env\base_vec_env.py:78: UserWarning: The `render_mode` attribute is not defined in your environment. It will be set to None.
  warnings.warn("The `render_mode` attribute is not defined in your environment. It will be set to None.")
C:\Users\SUSHANT\Desktop\TRADING_BOT\.venv\Lib\site-packages\stable_baselines3\common\on_policy_algorithm.py:150: UserWarning: You are trying to run PPO on the GPU, but it is primarily intended to run on the CPU when not using a CNN policy (you are using ActorCriticPolicy which should be a MlpPolicy). See https://github.com/DLR-RM/stable-baselines3/issues/1245 for more info. You can pass `device='cpu'` or `export CUDA_VISIBLE_DEVICES=` to force using the CPU.Note: The model will train, but the GPU utilization will be poor and the training might take longer than on CPU.
  warnings.warn(
C:\Users\SUSHANT\Desktop\TRADING_BOT\.venv\Lib\site-packages\stable_baselines3\common\callbacks.py:419: UserWarning: Training and eval env are not of the same type<bot.ai.env_batched.BatchedForexVecEnv object at 0x00000112BB4A3E00> != <stable_baselines3.common.vec_env.dummy_vec_env.DummyVecEnv object at 0x00000112BB5C4B90>
  warnings.warn("Training and eval env are not of the same type" f"{self.training_env} != {self.eval_env}")
C:\Users\SUSHANT\Desktop\TRADING_BOT\.venv\Lib\site-packages\stable_baselines3\common\evaluation.py:71: UserWarning: Evaluation environment is not wrapped with a ``Monitor`` wrapper. This may result in reporting modified episode lengths and rewards, if other wrappers happen to modify these. Consider wrapping environment first with ``Monitor`` wrapper.
  warnings.warn(
C:\Users\SUSHANT\Desktop\TRADING_BOT\.venv\Lib\site-packages\stable_baselines3\common\vec_env\base_vec_env.py:78: UserWarning: The `render_mode` attribute is not defined in your environment. It will be set to None.
  warnings.warn("The `render_mode` attribute is not defined in your environment. It will be set to None.")
C:\Users\SUSHANT\Desktop\TRADING_BOT\.venv\Lib\site-packages\stable_baselines3\common\on_policy_algorithm.py:150: UserWarning: You are trying to run PPO on the GPU, but it is primarily intended to run on the CPU when not using a CNN policy (you are using ActorCriticPolicy which should be a MlpPolicy). See https://github.com/DLR-RM/stable-baselines3/issues/1245 for more info. You can pass `device='cpu'` or `export CUDA_VISIBLE_DEVICES=` to force using the CPU.Note: The model will train, but the GPU utilization will be poor and the training might take longer than on CPU.
  warnings.warn(
C:\Users\SUSHANT\Desktop\TRADING_BOT\.venv\Lib\site-packages\stable_baselines3\common\callbacks.py:419: UserWarning: Training and eval env are not of the same type<bot.ai.env_batched.BatchedForexVecEnv object at 0x00000112BB4A3E00> != <stable_baselines3.common.vec_env.dummy_vec_env.DummyVecEnv object at 0x00000112BC6012B0>
  warnings.warn("Training and eval env are not of the same type" f"{self.training_env} != {self.eval_env}")
C:\Users\SUSHANT\Desktop\TRADING_BOT\.venv\Lib\site-packages\stable_baselines3\common\evaluation.py:71: UserWarning: Evaluation environment is not wrapped with a ``Monitor`` wrapper. This may result in reporting modified episode lengths and rewards, if other wrappers happen to modify these. Consider wrapping environment first with ``Monitor`` wrapper.
  warnings.warn(
C:\Users\SUSHANT\Desktop\TRADING_BOT\.venv\Lib\site-packages\stable_baselines3\common\vec_env\base_vec_env.py:78: UserWarning: The `render_mode` attribute is not defined in your environment. It will be set to None.
  warnings.warn("The `render_mode` attribute is not defined in your environment. It will be set to None.")
C:\Users\SUSHANT\Desktop\TRADING_BOT\.venv\Lib\site-packages\stable_baselines3\common\on_policy_algorithm.py:150: UserWarning: You are trying to run PPO on the GPU, but it is primarily intended to run on the CPU when not using a CNN policy (you are using ActorCriticPolicy which should be a MlpPolicy). See https://github.com/DLR-RM/stable-baselines3/issues/1245 for more info. You can pass `device='cpu'` or `export CUDA_VISIBLE_DEVICES=` to force using the CPU.Note: The model will train, but the GPU utilization will be poor and the training might take longer than on CPU.
  warnings.warn(
C:\Users\SUSHANT\Desktop\TRADING_BOT\.venv\Lib\site-packages\stable_baselines3\common\callbacks.py:419: UserWarning: Training and eval env are not of the same type<bot.ai.env_batched.BatchedForexVecEnv object at 0x00000112BB4A3E00> != <stable_baselines3.common.vec_env.dummy_vec_env.DummyVecEnv object at 0x000001161588AC30>
  warnings.warn("Training and eval env are not of the same type" f"{self.training_env} != {self.eval_env}")
C:\Users\SUSHANT\Desktop\TRADING_BOT\.venv\Lib\site-packages\stable_baselines3\common\evaluation.py:71: UserWarning: Evaluation environment is not wrapped with a ``Monitor`` wrapper. This may result in reporting modified episode lengths and rewards, if other wrappers happen to modify these. Consider wrapping environment first with ``Monitor`` wrapper.
  warnings.warn(
C:\Users\SUSHANT\Desktop\TRADING_BOT\.venv\Lib\site-packages\stable_baselines3\common\vec_env\base_vec_env.py:78: UserWarning: The `render_mode` attribute is not defined in your environment. It will be set to None.
  warnings.warn("The `render_mode` attribute is not defined in your environment. It will be set to None.")
C:\Users\SUSHANT\Desktop\TRADING_BOT\.venv\Lib\site-packages\stable_baselines3\common\on_policy_algorithm.py:150: UserWarning: You are trying to run PPO on the GPU, but it is primarily intended to run on the CPU when not using a CNN policy (you are using ActorCriticPolicy which should be a MlpPolicy). See https://github.com/DLR-RM/stable-baselines3/issues/1245 for more info. You can pass `device='cpu'` or `export CUDA_VISIBLE_DEVICES=` to force using the CPU.Note: The model will train, but the GPU utilization will be poor and the training might take longer than on CPU.
  warnings.warn(
C:\Users\SUSHANT\Desktop\TRADING_BOT\.venv\Lib\site-packages\stable_baselines3\common\callbacks.py:419: UserWarning: Training and eval env are not of the same type<bot.ai.env_batched.BatchedForexVecEnv object at 0x00000112BB4A3E00> != <stable_baselines3.common.vec_env.dummy_vec_env.DummyVecEnv object at 0x00000112BB60CA10>
  warnings.warn("Training and eval env are not of the same type" f"{self.training_env} != {self.eval_env}")
C:\Users\SUSHANT\Desktop\TRADING_BOT\.venv\Lib\site-packages\stable_baselines3\common\evaluation.py:71: UserWarning: Evaluation environment is not wrapped with a ``Monitor`` wrapper. This may result in reporting modified episode lengths and rewards, if other wrappers happen to modify these. Consider wrapping environment first with ``Monitor`` wrapper.
  warnings.warn(
C:\Users\SUSHANT\Desktop\TRADING_BOT\.venv\Lib\site-packages\stable_baselines3\common\vec_env\base_vec_env.py:78: UserWarning: The `render_mode` attribute is not defined in your environment. It will be set to None.
  warnings.warn("The `render_mode` attribute is not defined in your environment. It will be set to None.")
C:\Users\SUSHANT\Desktop\TRADING_BOT\.venv\Lib\site-packages\stable_baselines3\common\on_policy_algorithm.py:150: UserWarning: You are trying to run PPO on the GPU, but it is primarily intended to run on the CPU when not using a CNN policy (you are using ActorCriticPolicy which should be a MlpPolicy). See https://github.com/DLR-RM/stable-baselines3/issues/1245 for more info. You can pass `device='cpu'` or `export CUDA_VISIBLE_DEVICES=` to force using the CPU.Note: The model will train, but the GPU utilization will be poor and the training might take longer than on CPU.
  warnings.warn(
C:\Users\SUSHANT\Desktop\TRADING_BOT\.venv\Lib\site-packages\stable_baselines3\common\callbacks.py:419: UserWarning: Training and eval env are not of the same type<bot.ai.env_batched.BatchedForexVecEnv object at 0x00000112BB4A3E00> != <stable_baselines3.common.vec_env.dummy_vec_env.DummyVecEnv object at 0x000001161588AC30>
  warnings.warn("Training and eval env are not of the same type" f"{self.training_env} != {self.eval_env}")
C:\Users\SUSHANT\Desktop\TRADING_BOT\.venv\Lib\site-packages\stable_baselines3\common\evaluation.py:71: UserWarning: Evaluation environment is not wrapped with a ``Monitor`` wrapper. This may result in reporting modified episode lengths and rewards, if other wrappers happen to modify these. Consider wrapping environment first with ``Monitor`` wrapper.
  warnings.warn(
C:\Users\SUSHANT\Desktop\TRADING_BOT\.venv\Lib\site-packages\stable_baselines3\common\vec_env\base_vec_env.py:78: UserWarning: The `render_mode` attribute is not defined in your environment. It will be set to None.
  warnings.warn("The `render_mode` attribute is not defined in your environment. It will be set to None.")
C:\Users\SUSHANT\Desktop\TRADING_BOT\.venv\Lib\site-packages\stable_baselines3\common\on_policy_algorithm.py:150: UserWarning: You are trying to run PPO on the GPU, but it is primarily intended to run on the CPU when not using a CNN policy (you are using ActorCriticPolicy which should be a MlpPolicy). See https://github.com/DLR-RM/stable-baselines3/issues/1245 for more info. You can pass `device='cpu'` or `export CUDA_VISIBLE_DEVICES=` to force using the CPU.Note: The model will train, but the GPU utilization will be poor and the training might take longer than on CPU.
  warnings.warn(
C:\Users\SUSHANT\Desktop\TRADING_BOT\.venv\Lib\site-packages\stable_baselines3\common\callbacks.py:419: UserWarning: Training and eval env are not of the same type<bot.ai.env_batched.BatchedForexVecEnv object at 0x00000112BB4A3E00> != <stable_baselines3.common.vec_env.dummy_vec_env.DummyVecEnv object at 0x000001161588AC30>
  warnings.warn("Training and eval env are not of the same type" f"{self.training_env} != {self.eval_env}")
C:\Users\SUSHANT\Desktop\TRADING_BOT\.venv\Lib\site-packages\stable_baselines3\common\evaluation.py:71: UserWarning: Evaluation environment is not wrapped with a ``Monitor`` wrapper. This may result in reporting modified episode lengths and rewards, if other wrappers happen to modify these. Consider wrapping environment first with ``Monitor`` wrapper.
  warnings.warn(
C:\Users\SUSHANT\Desktop\TRADING_BOT\.venv\Lib\site-packages\stable_baselines3\common\vec_env\base_vec_env.py:78: UserWarning: The `render_mode` attribute is not defined in your environment. It will be set to None.
  warnings.warn("The `render_mode` attribute is not defined in your environment. It will be set to None.")
C:\Users\SUSHANT\Desktop\TRADING_BOT\.venv\Lib\site-packages\stable_baselines3\common\on_policy_algorithm.py:150: UserWarning: You are trying to run PPO on the GPU, but it is primarily intended to run on the CPU when not using a CNN policy (you are using ActorCriticPolicy which should be a MlpPolicy). See https://github.com/DLR-RM/stable-baselines3/issues/1245 for more info. You can pass `device='cpu'` or `export CUDA_VISIBLE_DEVICES=` to force using the CPU.Note: The model will train, but the GPU utilization will be poor and the training might take longer than on CPU.
  warnings.warn(
C:\Users\SUSHANT\Desktop\TRADING_BOT\.venv\Lib\site-packages\stable_baselines3\common\callbacks.py:419: UserWarning: Training and eval env are not of the same type<bot.ai.env_batched.BatchedForexVecEnv object at 0x00000112BB4A3E00> != <stable_baselines3.common.vec_env.dummy_vec_env.DummyVecEnv object at 0x000001161588AC30>
  warnings.warn("Training and eval env are not of the same type" f"{self.training_env} != {self.eval_env}")
C:\Users\SUSHANT\Desktop\TRADING_BOT\.venv\Lib\site-packages\stable_baselines3\common\evaluation.py:71: UserWarning: Evaluation environment is not wrapped with a ``Monitor`` wrapper. This may result in reporting modified episode lengths and rewards, if other wrappers happen to modify these. Consider wrapping environment first with ``Monitor`` wrapper.
  warnings.warn(
C:\Users\SUSHANT\Desktop\TRADING_BOT\.venv\Lib\site-packages\stable_baselines3\common\vec_env\base_vec_env.py:78: UserWarning: The `render_mode` attribute is not defined in your environment. It will be set to None.
  warnings.warn("The `render_mode` attribute is not defined in your environment. It will be set to None.")
C:\Users\SUSHANT\Desktop\TRADING_BOT\.venv\Lib\site-packages\stable_baselines3\common\on_policy_algorithm.py:150: UserWarning: You are trying to run PPO on the GPU, but it is primarily intended to run on the CPU when not using a CNN policy (you are using ActorCriticPolicy which should be a MlpPolicy). See https://github.com/DLR-RM/stable-baselines3/issues/1245 for more info. You can pass `device='cpu'` or `export CUDA_VISIBLE_DEVICES=` to force using the CPU.Note: The model will train, but the GPU utilization will be poor and the training might take longer than on CPU.
  warnings.warn(
C:\Users\SUSHANT\Desktop\TRADING_BOT\.venv\Lib\site-packages\stable_baselines3\common\callbacks.py:419: UserWarning: Training and eval env are not of the same type<bot.ai.env_batched.BatchedForexVecEnv object at 0x00000112BB4A3E00> != <stable_baselines3.common.vec_env.dummy_vec_env.DummyVecEnv object at 0x000001161588AF70>
  warnings.warn("Training and eval env are not of the same type" f"{self.training_env} != {self.eval_env}")
C:\Users\SUSHANT\Desktop\TRADING_BOT\.venv\Lib\site-packages\stable_baselines3\common\evaluation.py:71: UserWarning: Evaluation environment is not wrapped with a ``Monitor`` wrapper. This may result in reporting modified episode lengths and rewards, if other wrappers happen to modify these. Consider wrapping environment first with ``Monitor`` wrapper.
  warnings.warn(
C:\Users\SUSHANT\Desktop\TRADING_BOT\.venv\Lib\site-packages\stable_baselines3\common\vec_env\base_vec_env.py:78: UserWarning: The `render_mode` attribute is not defined in your environment. It will be set to None.
  warnings.warn("The `render_mode` attribute is not defined in your environment. It will be set to None.")
C:\Users\SUSHANT\Desktop\TRADING_BOT\.venv\Lib\site-packages\stable_baselines3\common\on_policy_algorithm.py:150: UserWarning: You are trying to run PPO on the GPU, but it is primarily intended to run on the CPU when not using a CNN policy (you are using ActorCriticPolicy which should be a MlpPolicy). See https://github.com/DLR-RM/stable-baselines3/issues/1245 for more info. You can pass `device='cpu'` or `export CUDA_VISIBLE_DEVICES=` to force using the CPU.Note: The model will train, but the GPU utilization will be poor and the training might take longer than on CPU.
  warnings.warn(
C:\Users\SUSHANT\Desktop\TRADING_BOT\.venv\Lib\site-packages\stable_baselines3\common\callbacks.py:419: UserWarning: Training and eval env are not of the same type<bot.ai.env_batched.BatchedForexVecEnv object at 0x00000112BB4A3E00> != <stable_baselines3.common.vec_env.dummy_vec_env.DummyVecEnv object at 0x000001161588AF70>
  warnings.warn("Training and eval env are not of the same type" f"{self.training_env} != {self.eval_env}")
C:\Users\SUSHANT\Desktop\TRADING_BOT\.venv\Lib\site-packages\stable_baselines3\common\evaluation.py:71: UserWarning: Evaluation environment is not wrapped with a ``Monitor`` wrapper. This may result in reporting modified episode lengths and rewards, if other wrappers happen to modify these. Consider wrapping environment first with ``Monitor`` wrapper.
  warnings.warn(
C:\Users\SUSHANT\Desktop\TRADING_BOT\.venv\Lib\site-packages\stable_baselines3\common\vec_env\base_vec_env.py:78: UserWarning: The `render_mode` attribute is not defined in your environment. It will be set to None.
  warnings.warn("The `render_mode` attribute is not defined in your environment. It will be set to None.")
C:\Users\SUSHANT\Desktop\TRADING_BOT\.venv\Lib\site-packages\stable_baselines3\common\on_policy_algorithm.py:150: UserWarning: You are trying to run PPO on the GPU, but it is primarily intended to run on the CPU when not using a CNN policy (you are using ActorCriticPolicy which should be a MlpPolicy). See https://github.com/DLR-RM/stable-baselines3/issues/1245 for more info. You can pass `device='cpu'` or `export CUDA_VISIBLE_DEVICES=` to force using the CPU.Note: The model will train, but the GPU utilization will be poor and the training might take longer than on CPU.
  warnings.warn(
C:\Users\SUSHANT\Desktop\TRADING_BOT\.venv\Lib\site-packages\stable_baselines3\common\callbacks.py:419: UserWarning: Training and eval env are not of the same type<bot.ai.env_batched.BatchedForexVecEnv object at 0x00000112BB4A3E00> != <stable_baselines3.common.vec_env.dummy_vec_env.DummyVecEnv object at 0x000001161588AF70>
  warnings.warn("Training and eval env are not of the same type" f"{self.training_env} != {self.eval_env}")
C:\Users\SUSHANT\Desktop\TRADING_BOT\.venv\Lib\site-packages\stable_baselines3\common\evaluation.py:71: UserWarning: Evaluation environment is not wrapped with a ``Monitor`` wrapper. This may result in reporting modified episode lengths and rewards, if other wrappers happen to modify these. Consider wrapping environment first with ``Monitor`` wrapper.
  warnings.warn(
C:\Users\SUSHANT\Desktop\TRADING_BOT\.venv\Lib\site-packages\stable_baselines3\common\vec_env\base_vec_env.py:78: UserWarning: The `render_mode` attribute is not defined in your environment. It will be set to None.
  warnings.warn("The `render_mode` attribute is not defined in your environment. It will be set to None.")
C:\Users\SUSHANT\Desktop\TRADING_BOT\.venv\Lib\site-packages\stable_baselines3\common\on_policy_algorithm.py:150: UserWarning: You are trying to run PPO on the GPU, but it is primarily intended to run on the CPU when not using a CNN policy (you are using ActorCriticPolicy which should be a MlpPolicy). See https://github.com/DLR-RM/stable-baselines3/issues/1245 for more info. You can pass `device='cpu'` or `export CUDA_VISIBLE_DEVICES=` to force using the CPU.Note: The model will train, but the GPU utilization will be poor and the training might take longer than on CPU.
  warnings.warn(
C:\Users\SUSHANT\Desktop\TRADING_BOT\.venv\Lib\site-packages\stable_baselines3\common\callbacks.py:419: UserWarning: Training and eval env are not of the same type<bot.ai.env_batched.BatchedForexVecEnv object at 0x00000112BB4A3E00> != <stable_baselines3.common.vec_env.dummy_vec_env.DummyVecEnv object at 0x000001161588AC30>
  warnings.warn("Training and eval env are not of the same type" f"{self.training_env} != {self.eval_env}")
C:\Users\SUSHANT\Desktop\TRADING_BOT\.venv\Lib\site-packages\stable_baselines3\common\evaluation.py:71: UserWarning: Evaluation environment is not wrapped with a ``Monitor`` wrapper. This may result in reporting modified episode lengths and rewards, if other wrappers happen to modify these. Consider wrapping environment first with ``Monitor`` wrapper.
  warnings.warn(
C:\Users\SUSHANT\Desktop\TRADING_BOT\.venv\Lib\site-packages\stable_baselines3\common\vec_env\base_vec_env.py:78: UserWarning: The `render_mode` attribute is not defined in your environment. It will be set to None.
  warnings.warn("The `render_mode` attribute is not defined in your environment. It will be set to None.")
C:\Users\SUSHANT\Desktop\TRADING_BOT\.venv\Lib\site-packages\stable_baselines3\common\on_policy_algorithm.py:150: UserWarning: You are trying to run PPO on the GPU, but it is primarily intended to run on the CPU when not using a CNN policy (you are using ActorCriticPolicy which should be a MlpPolicy). See https://github.com/DLR-RM/stable-baselines3/issues/1245 for more info. You can pass `device='cpu'` or `export CUDA_VISIBLE_DEVICES=` to force using the CPU.Note: The model will train, but the GPU utilization will be poor and the training might take longer than on CPU.
  warnings.warn(
C:\Users\SUSHANT\Desktop\TRADING_BOT\.venv\Lib\site-packages\stable_baselines3\common\callbacks.py:419: UserWarning: Training and eval env are not of the same type<bot.ai.env_batched.BatchedForexVecEnv object at 0x00000112BB4A3E00> != <stable_baselines3.common.vec_env.dummy_vec_env.DummyVecEnv object at 0x000001161588AC30>
  warnings.warn("Training and eval env are not of the same type" f"{self.training_env} != {self.eval_env}")
C:\Users\SUSHANT\Desktop\TRADING_BOT\.venv\Lib\site-packages\stable_baselines3\common\evaluation.py:71: UserWarning: Evaluation environment is not wrapped with a ``Monitor`` wrapper. This may result in reporting modified episode lengths and rewards, if other wrappers happen to modify these. Consider wrapping environment first with ``Monitor`` wrapper.
  warnings.warn(
C:\Users\SUSHANT\Desktop\TRADING_BOT\.venv\Lib\site-packages\stable_baselines3\common\vec_env\base_vec_env.py:78: UserWarning: The `render_mode` attribute is not defined in your environment. It will be set to None.
  warnings.warn("The `render_mode` attribute is not defined in your environment. It will be set to None.")
C:\Users\SUSHANT\Desktop\TRADING_BOT\.venv\Lib\site-packages\stable_baselines3\common\on_policy_algorithm.py:150: UserWarning: You are trying to run PPO on the GPU, but it is primarily intended to run on the CPU when not using a CNN policy (you are using ActorCriticPolicy which should be a MlpPolicy). See https://github.com/DLR-RM/stable-baselines3/issues/1245 for more info. You can pass `device='cpu'` or `export CUDA_VISIBLE_DEVICES=` to force using the CPU.Note: The model will train, but the GPU utilization will be poor and the training might take longer than on CPU.
  warnings.warn(
C:\Users\SUSHANT\Desktop\TRADING_BOT\.venv\Lib\site-packages\stable_baselines3\common\callbacks.py:419: UserWarning: Training and eval env are not of the same type<bot.ai.env_batched.BatchedForexVecEnv object at 0x00000112BB4A3E00> != <stable_baselines3.common.vec_env.dummy_vec_env.DummyVecEnv object at 0x000001161588AC30>
  warnings.warn("Training and eval env are not of the same type" f"{self.training_env} != {self.eval_env}")
C:\Users\SUSHANT\Desktop\TRADING_BOT\.venv\Lib\site-packages\stable_baselines3\common\evaluation.py:71: UserWarning: Evaluation environment is not wrapped with a ``Monitor`` wrapper. This may result in reporting modified episode lengths and rewards, if other wrappers happen to modify these. Consider wrapping environment first with ``Monitor`` wrapper.
  warnings.warn(
